r104 t14_g4 absent ok
r104 iris_xe probe skip not-t14
r104 iris_xe cdclk skip not-t14
r104 iris_xe backend register skip not-t14
r104 iris_xe guc load skip not-t14
r104 edid read skip not-t14
r104 mode enum skip not-t14
r104 iris_xe modeset skip not-t14
r104 iris_xe vblank vector skip not-t14
r104 iris_xe vblank skip not-t14
r104 multi_scanout ok
r104 iris_xe flip skip not-t14
