PaideiaOS
INIT ENTERED RING3
INIT OK
CHILD HELLO 42
WAIT: pid=9 status=42
REAPED
INIT FORK SH OK
SHELL START
shell exec ok -- argv[0]=mkdir resolved=/bin/mkdir
MKDIR FAIL
shell exec ok -- argv[0]=mkdir resolved=/bin/mkdir
MKDIR FAIL
PdxFsFormatRecord@0.1 { target: /var/pdxfs/home.img
PdxFsMountRecord@0.1 { volume: cap:volume:0x0001
result_code: DRY_RUN }
REAPED
