PaideiaOS R8
R18 DMESG CAP OK
R20b ENDPOINT CAP OK
R20b ENDPOINT ALLOC OK
R20b BROKER OK
R20b FRAME HDR OK
R20b PENDING MSG OK
R18 SYS DMESG OK
R18 AUDIT BRIDGE OK
R20b IPC BOUNCE OK
R20b SYS IPC RECV OK
R20b SYS IPC SEND OK
R20b SVC LOOKUP OK
R20b INIT CAPS FMT OK
R20b LOADER SEED OK
INIT ENTERED RING3
INIT OK
CHILD HELLO 42
WAIT: pid=2 status=42
REAPED
INIT FORK SH OK
SHELL START
WAIT: pid=2 status=0
REAPED
