(C) 2026, Santiago Nunez-Corrales
PaideiaOS
DMESG CAP OK
ENDPOINT CAP OK
KIND_HW OK
KIND_INTERRUPT OK
KIND_MSIX_VECTOR OK
KIND_DMA_DOMAIN OK
KIND_OP_REGION OK
LIFECYCLE FSM OK
LIFECYCLE FUZZ OK
DMA DOMAIN SWITCH OK
ENDPOINT ALLOC OK
BROKER OK
FRAME HDR OK
PENDING MSG OK
SYS DMESG OK
AUDIT BRIDGE OK
REGISTRY V2 OK
REGISTRY LOOKUP OK
SIG KEYRING OK
BLOB DUALSIG OK
DRIVER AUDIT OK
ACPI FADT OK
GPE DISPATCH OK
ACPI EVENT ROUTE OK
KIND_I2C OK
LPSS I2C OK
LPSS I2C IRQ OK
LPSS GPIO OK
KIND_GPIO OK
GPIO PAD OK
KIND_FW_SESSION OK
DEATH CASCADE OK
OWNER SWEEP OK
GLOBAL LOCK OK
KIND_EC_QUERY OK
EC ACCESS OK
EC QUERY ROUTE OK
EC EVENT CLASS OK
EC EVENT SHED OK
KIND_THERMAL_ZONE OK
THERMAL SCALE OK
THERMAL POLICY MAP OK
KIND_BATTERY OK
BATTERY SCALE OK
BATTERY CHANNEL OK
BATTERY MONITOR OK
KIND_COOLING_DEVICE OK
COOLING SCALE OK
KIND_BACKLIGHT OK
BACKLIGHT SCALE OK
BACKLIGHT CHANNEL OK
PWM BACKLIGHT OK
DPAUX BACKLIGHT OK
HOTKEY VOLUME OK
HOTKEY BACKLIGHT OK
HOTKEY MEDIA OK
I2C_HID TRANSPORT OK
I2C_HID DESCRIPTOR OK
I2C_HID ISR OK
I2C_HID RESET OK
I2C_HID WAKE OK
I2C_HID QUIRKS OK
HID PARSER OK
HID USAGE OK
HID COLLECTION OK
HID FIELD OK
HID REPORT IO OK
KIND_HID_DEVICE OK
HID_TRANSPORT scale OK
KIND_HID_EVENT OK
HID_EVT_MASK scale OK
HID EVENT STREAM OK
HID EVENT STREAM SCHEMA OK
GESTURE 2FSCROLL OK
GESTURE PINCH OK
GESTURE KINETIC OK
GESTURE SWIPE OK
KIND_SENSOR OK
SENSOR HUB OK
SENSOR SCHEMA OK
KIND_AUDIO_CTRL OK
AUDIO_CTRL COUNT OK
HDA CONTROLLER OK
HDA RESET OK
HDA CORB OK
HDA RIRB OK
HDA CODEC DISCOVER OK
HDA WIDGET GRAPH OK
HDA PIN CONFIG OK
HDA VERBS OK
KIND_AUDIO_CLOCK OK
KIND_PCM_STREAM OK
PCM STREAM XCLOCK OK
HDA BDL OK
PCM RING SCHEMA OK
KIND_AUDIO_ROUTE OK
Q15 SAT OK
AUDIO ROUTE OK
AUDIO ROUTING SCHEMA OK
CODEC QUERY SCHEMA OK
ALC287 INIT OK
ALC287 HP-SPK OK
ALC287 MIC OK
ALC287 JACK OK
SOF VERIFY OK
SOF LOADER OK
SOF TOPOLOGY OK
SOF EFFECTS OK
KIND_USB_DEVICE OK
KIND_USB_HUB OK
USB HUB DESC OK
USB HUB FSM OK
HUB TOPOLOGY SCHEMA OK
KIND_USB_INTERFACE OK
KIND_USB_ENDPOINT OK
COMPOSITE BIND OK
INTERFACE PARSER OK
KIND_MSC_LUN OK
KIND_SCSI_DEVICE OK
KIND_USB_URB OK
MSC BOT OK
MSC UAS OK
SCSI CMD OK
USB TRANSFER CHAN OK
USB HID CLASS OK
USB HID KBD FULL OK
USB HID MOUSE FULL OK
USB HID GAMEPAD OK
USB HID COMPOSITE OK
KIND_ISOCH_STREAM OK
XHCI SOF TIMELINE OK
XHCI ISOCH RING OK
UVC SYNTH OK
KIND_FP_SENSOR OK
FP CLASS OK
FP CAPTURE CHAN OK
GOODIX OK
SYNAPTICS OK
KIND_PCIE_HOTPLUG_EVENT OK
PCIE HOTPLUG ISR OK
PCIE HOTPLUG CHAN OK
PCIE LINK RETRAIN OK
KIND_TB_DOMAIN OK
TB NHI PROBE OK
TB CM RINGS OK
TB ROUTER WALK OK
TB TOPOLOGY CHAN OK
KIND_TB_ROUTE OK
TB PCIE TUNNEL OK
TB DP TUNNEL OK
TB USB3 TUNNEL OK
TB ROUTE TEARDOWN OK
KIND_DMA_ATTESTATION OK
DMA CONSENT CHAN OK
TB CONSENT DIALOG OK
TB IOMMU DOMAIN OK
TB CONSENT REVOKE OK
TB CASCADE HARNESS OK
TB SECURITY POLICY OK
TB TRUSTED DEVICE OK
TB DMA INDICATOR OK
SW CM FSM OK
SW CM CMDQ OK
SW CM EVTMUX OK
SW CM FW INTEROP OK
TB TOPOLOGY GRAPH OK
TB ROUTE ARITH OK
TB TOPOLOGY DIFF OK
TB TUNNEL ARBITER OK
TB MULTI HOST CONTEND OK
TB TUNNEL PRIORITY OK
TB DP DDI SHIM OK
TB DP AUX OK
TB DP HOTPLUG BRIDGE OK
TB USB3 XHCI EXT OK
TB USBPD CONTRACT OK
TB DP ALTMODE OK
KIND_DISPLAY_ENGINE OK
IRIS XE PROBE OK
PWR WELLS OK
DPCLK CONFIG OK
KIND_DISPLAY_OUTPUT OK
DPY TOPOLOGY OK
DPY EDID OK
DPY TOPO CHAN OK
DPY HPD OK
KIND_MODESET_TXN OK
KIND_DISPLAY_MODE OK
MODESET CHAN OK
ATOMIC COMMIT OK
MODE ENUM OK
KIND_DISPLAY_PLANE OK
PLANE PRIMARY OK
PLANE OVERLAY OK
PLANE CURSOR OK
GPU MMIO OK
GPU RESET OK
GPU REG AUDIT OK
GUC VERIFY OK
GUC LOAD OK
GUC HANDSHAKE OK
KIND_GPU_BO OK
GPU BO ALLOC OK
GPU TILING OK
GPU CACHE POLICY OK
GPU BO ALLOC CHAN OK
KIND_GPU_VM OK
PPGTT WALKER OK
PPGTT BIND OK
PPGTT PROT OK
GTT SCANOUT OK
KIND_GPU_CONTEXT OK
GPU LRC OK
GPU EXECLISTS OK
GPU CTX PRIORITY OK
KIND_GPU_SUBMIT OK
GUC SUBMIT OK
GPU BATCH BUILDER OK
GT FENCE OK
HUC LOAD OK
VCS ENGINE OK
HEVC FRAME OK
GPU STRESS OK
AX211 PROBE OK
WIFI FW VERIFY OK
WIFI FW LOAD OK
WIFI FW COMPAT OK
WIFI CTXT INFO OK
WIFI DMA DOMAIN OK
WIFI TX DMA OK
KIND_WIFI_PHY OK
KIND_WIFI_VIF OK
KIND_WIFI_SCAN_TXN OK
WIFI CTRL CHAN OK
WIFI DATA CHAN OK
NET80211 MGMT OK
NET80211 ASSOC OK
NET80211 MLME OK
NET80211 REGDOM OK
KIND_WIFI_KEY OK
WPA3 SAE OK
WPA 4WAY OK
REPLAY COUNTER OK
WPA SUPP CHAN OK
REGDOM LOADER OK
REGDOM CHAN OK
GEO HINT OK
HE MCS OK
RATE CONTROL OK
ROAMING OK
REKEY OK
KIND_BT_ADAPTER OK
KIND_BT_HCI_CHANNEL OK
HCI CNVI OK
BT HCI CHAN OK
KIND_BT_L2CAP_CHANNEL OK
L2CAP FIXED OK
L2CAP DYN OK
BT L2CAP CHAN OK
ATT OK
KIND_BT_GATT_CONNECTION OK
GATT OK
BT GATT CHAN OK
KIND_BT_PAIRING OK
LE SC PAIRING OK
BT PAIRING CHAN OK
A2DP OK
A2DP BRIDGE OK
A2DP RTX OK
HFP OK
BT HID OK
LE AUDIO OK
IPU6 PROBE OK
IPU6 VERIFY OK
IPU6 LOAD OK
KIND_CSI_CAMERA OK
CSI PHY OK
SENSOR ENUM OK
SENSOR INIT OK
KIND_IPU6_STREAM OK
IPU6 PIPELINE OK
CAM CAPTURE CHAN OK
KIND_WWAN_MODEM OK
WWAN PROBE OK
KIND_MBIM_SESSION OK
MBIM OK
AUDIT SCHEMA OK
SEMTERM LEXER OK
SEMTERM PARSER OK
SEMTERM TYPES OK
SEMTERM ENGINE OK
SEMTERM SOURCES OK
SEMTERM RESULTSET OK
SEMTERM PLOT OK
SEMTERM LAYOUT OK
SEMTERM PALETTE OK
SEMTERM FB FRONTEND OK
SEMTERM LINE EDITOR OK
SEMTERM PAGER OK
SEMTERM RECOVERY OK
SEMTERM SESSION LOG OK
PDXFS REFCOUNT OK
PDXFS COW READ OK
PDXFS COW WRITE OK
PDXFS COW GC OK
PDXFS WAL OK
PDXFS JOURNAL FENCE OK
PDXFS JOURNAL REPLAY OK
PDXFS JOURNAL CSUM OK
PDXFS SNAP CREATE OK
PDXFS SNAP MOUNT RO OK
PDXFS SNAP DIFF OK
PDXFS SNAP PRUNE OK
PDXFS UPGRADE V1 OK
PDXFS UPGRADE DRYRUN OK
PDXFS LITE READER OK
FS CHAN OK
PDXFS NVME WRITE OK
PDXFS DURABILITY OK
PDXFS CONCURRENT STRESS OK
SEMTERM GUI SHELL OK
SEMTERM GUI LAYOUT OK
SEMTERM GUI THEME OK
SEMTERM GUI VELLO OK
SEMTERM GUI CHARTS OK
SEMTERM GUI SCROLL OK
SEMTERM GUI IME OK
SEMTERM GUI A11Y OK
SEMTERM GUI KBDNAV OK
SEMTERM GUI HDR OK
SEMTERM GUI FEEDBACK OK
KIND_DISPLAY_TIMELINE OK
G1 DISPLAY SYNC CHAN OK
DPY TIMELINE OK
KIND_VRR_RANGE OK
DPY VRR OK
G1 VRR CHAN OK
G1 INTEGRATION OK
KIND_SCANOUT_LEASE OK
G2 SCANOUT LEASE CHAN OK
SCANOUT OK
G2 INTEGRATION OK
VMD PROBE OK
VMD ENUM OK
KIND_VMD_ENDPOINT OK
VMD ROOT COMPLEX OK
VMD CONFIG CHAN OK
VMD MSIX REMAP OK
VMD HOTPLUG OK
VMD NVME BRIDGE OK
VMD NVME ISOLATION OK
VMD IOMMU DOMAIN OK
VMD IOMMU SWITCH OK
VMD IOMMU ADVERSARIAL OK
VMD BIOS OFF OK
KIND_VK_SURFACE OK
KIND_VK_SWAPCHAIN_IMAGE OK
G3 VK_SURFACE_CHAN OK
G3 VK_PRESENT_FB_CHAN OK
G3 VK_ICD OK
G3 VK_SWAPCHAIN DRIVER OK
G3 VK_FEATURES OK
G3 VK_BENCH OK
G3 INTEGRATION OK
BIN TRUE SEED OK
BIN ELEVATE BROKER DAEMON SEED OK
IPC BOUNCE OK
SYS IPC RECV OK
SYS IPC SEND OK
SVC LOOKUP OK
INIT CAPS FMT OK
LOADER SEED OK
ELEVATE BROKER CLIENT OK
CASCADE RESTART OK
CHAOS OK
AUDIO SUPERVISOR CRASH ISO OK
CLOCK READ NS OK
SCHED AFFINITY OK
INIT ENTERED RING3
INIT OK
CHILD HELLO 42
WAIT: pid=5 status=42
REAPED
INIT FORK ELEVATE OK
ELEVATE BROKER DAEMON OK
INIT FORK SH OK
SHELL START
WAIT: pid=5 status=0
REAPED
KIND_VELLO_SCENE OK
KIND_VELLO_RENDERER OK
G4 VELLO_RENDER_CHAN OK
G4 VELLO_ENCODER OK
G4 VELLO_PIPELINE OK
G4 VELLO_CPU_FALLBACK OK
G4 VELLO_EFFECTS OK
G4 VELLO_TILING OK
G4 INTEGRATION OK
KIND_FONT_ATLAS OK
KIND_TEXT_SHAPE OK
G5 SDF OK
G5 SHAPER OK
G5 SUBPX OK
G5 COLOR EMOJI OK
G5 FONT_LOAD_CHAN OK
G5 TEXT_SHAPE_CHAN OK
G5 INTEGRATION OK
KIND_COLOR_PROFILE OK
G6 CICP OK
G6 ICC OK
G6 COLOR_MGMT_CHAN OK
G6 SURFACE_CHECK OK
G6 GPU_CONVERT OK
G6 EOTF OK
G6 SCRGB OK
KIND_USER OK
KIND_ELEVATE_CHANNEL OK
KIND_PDXFS_FILE OK
KIND_PDXFS_TXN OK
PDXFS TXN OPS OK
PDXFS DIR ITER OK
PDXB SB WITNESS OK
KIND_TTY OK
KIND_NVME_CONTROLLER OK
KIND_NVME_NAMESPACE OK
KIND_NVME_IO OK
KIND_NVME_IO WIRE OK
KIND_NVME_RELIABILITY OK
KIND_NVME_RELIABILITY WIRE OK
ELEVATE_BROKER OK
AUDIT_JOURNAL OK
FIRST BOOT SMOKE OK
USER SUPERVISOR SMOKE OK
ELEVATE SMOKE OK
