(C) 2026, Santiago Nunez-Corrales
PaideiaOS R8
R18 DMESG CAP OK
R20b ENDPOINT CAP OK
R29 KIND_HW OK
R29 KIND_INTERRUPT OK
R29 KIND_MSIX_VECTOR OK
R29 KIND_DMA_DOMAIN OK
R30 KIND_OP_REGION OK
R29 LIFECYCLE FSM OK
R29 LIFECYCLE FUZZ OK
R29 DMA DOMAIN SWITCH OK
R20b ENDPOINT ALLOC OK
R20b BROKER OK
R20b FRAME HDR OK
R20b PENDING MSG OK
R18 SYS DMESG OK
R18 AUDIT BRIDGE OK
R29 REGISTRY V2 OK
R29 REGISTRY LOOKUP OK
R29 SIG KEYRING OK
R29 BLOB DUALSIG OK
R29 DRIVER AUDIT OK
ACPI FADT OK
R30 GPE DISPATCH OK
R30 ACPI EVENT ROUTE OK
R30 KIND_I2C OK
R30 LPSS I2C OK
R30 LPSS I2C IRQ OK
R30 LPSS GPIO OK
R30 KIND_GPIO OK
R30 GPIO PAD OK
R30 KIND_FW_SESSION OK
R31 DEATH CASCADE OK
R31 OWNER SWEEP OK
R31 GLOBAL LOCK OK
R31 KIND_EC_QUERY OK
R31 EC ACCESS OK
R31 EC QUERY ROUTE OK
R31 EC EVENT CLASS OK
R31 EC EVENT SHED OK
R31 KIND_THERMAL_ZONE OK
R31 THERMAL SCALE OK
R31 THERMAL POLICY MAP OK
R31 KIND_BATTERY OK
R31 BATTERY SCALE OK
R31 BATTERY CHANNEL OK
R31 BATTERY MONITOR OK
R31 KIND_COOLING_DEVICE OK
R31 COOLING SCALE OK
R31 KIND_BACKLIGHT OK
R31 BACKLIGHT SCALE OK
R31 BACKLIGHT CHANNEL OK
R31 PWM BACKLIGHT OK
R31 DPAUX BACKLIGHT OK
R31 HOTKEY VOLUME OK
R31 HOTKEY BACKLIGHT OK
R31 HOTKEY MEDIA OK
R32 I2C_HID TRANSPORT OK
R32 I2C_HID DESCRIPTOR OK
R32 I2C_HID ISR OK
R32 I2C_HID RESET OK
R32 I2C_HID WAKE OK
R32 I2C_HID QUIRKS OK
R32 HID PARSER OK
R32 HID USAGE OK
R32 HID COLLECTION OK
R32 HID FIELD OK
R32 HID REPORT IO OK
R32 KIND_HID_DEVICE OK
R32 HID_TRANSPORT scale OK
R32 KIND_HID_EVENT OK
R32 HID_EVT_MASK scale OK
R32 HID EVENT STREAM OK
R32 HID EVENT STREAM SCHEMA OK
R32 GESTURE 2FSCROLL OK
R32 GESTURE PINCH OK
R32 GESTURE KINETIC OK
R32 GESTURE SWIPE OK
R32 KIND_SENSOR OK
R32 SENSOR HUB OK
R32 SENSOR SCHEMA OK
R33 HDA CONTROLLER OK
R33 HDA RESET OK
R33 HDA CORB OK
R33 HDA RIRB OK
R17 BIN TRUE SEED OK
R20b IPC BOUNCE OK
R20b SYS IPC RECV OK
R20b SYS IPC SEND OK
R20b SVC LOOKUP OK
R20b INIT CAPS FMT OK
R20b LOADER SEED OK
R29 CASCADE RESTART OK
R29 CHAOS OK
INIT ENTERED RING3
INIT OK
CHILD HELLO 42
WAIT: pid=5 status=42
REAPED
INIT FORK SH OK
SHELL START
WAIT: pid=5 status=0
REAPED
